../Core/Src/main.c:102:5:main	8	static
../Core/Src/main.c:201:6:SystemClock_Config	96	static
../Core/Src/main.c:251:13:MX_ADC1_Init	48	static
../Core/Src/main.c:336:13:MX_I2C2_Init	8	static
../Core/Src/main.c:384:13:MX_TIM2_Init	40	static
../Core/Src/main.c:429:13:MX_UART5_Init	8	static
../Core/Src/main.c:462:13:MX_DMA_Init	16	static
../Core/Src/main.c:487:13:MX_GPIO_Init	48	static
../Core/Src/main.c:551:6:HAL_UART_TxCpltCallback	16	static
../Core/Src/main.c:566:6:HAL_UART_RxCpltCallback	16	static
../Core/Src/main.c:582:6:Error_Handler	4	static,ignoring_inline_asm
