../Core/Src/main.c:101:5:main	8	static
../Core/Src/main.c:189:6:SystemClock_Config	96	static
../Core/Src/main.c:239:13:MX_ADC1_Init	48	static
../Core/Src/main.c:324:13:MX_I2C2_Init	8	static
../Core/Src/main.c:372:13:MX_TIM2_Init	40	static
../Core/Src/main.c:417:13:MX_UART5_Init	8	static
../Core/Src/main.c:450:13:MX_DMA_Init	16	static
../Core/Src/main.c:475:13:MX_GPIO_Init	48	static
../Core/Src/main.c:537:6:HAL_UART_RxCpltCallback	16	static
../Core/Src/main.c:553:6:Error_Handler	4	static,ignoring_inline_asm
