../Core/Src/main.c:90:5:main	8	static,ignoring_inline_asm
../Core/Src/main.c:165:6:SystemClock_Config	96	static
../Core/Src/main.c:215:13:MX_ADC1_Init	48	static
../Core/Src/main.c:300:13:MX_I2C2_Init	8	static
../Core/Src/main.c:348:13:MX_TIM3_Init	40	static
../Core/Src/main.c:393:13:MX_TIM4_Init	40	static
../Core/Src/main.c:438:13:MX_TIM6_Init	24	static
../Core/Src/main.c:476:13:MX_UART5_Init	8	static
../Core/Src/main.c:509:13:MX_DMA_Init	16	static
../Core/Src/main.c:527:13:MX_GPIO_Init	48	static
../Core/Src/main.c:609:6:HAL_GPIO_EXTI_Callback	24	static
../Core/Src/main.c:635:6:HAL_ADC_ConvCpltCallback	24	static
../Core/Src/main.c:657:6:Error_Handler	4	static,ignoring_inline_asm
