22:57:30 **** Incremental Build of configuration Debug for project Controller ****
make -j8 all 
arm-none-eabi-gcc "../Core/Src/functions.c" -mcpu=cortex-m4 -std=gnu11 -g3 -DDEBUG -DUSE_HAL_DRIVER -DSTM32L476xx -c -I../Core/Inc -I../Drivers/STM32L4xx_HAL_Driver/Inc -I../Drivers/STM32L4xx_HAL_Driver/Inc/Legacy -I../Drivers/CMSIS/Device/ST/STM32L4xx/Include -I../Drivers/CMSIS/Include -O0 -ffunction-sections -fdata-sections -Wall -fstack-usage -fcyclomatic-complexity -MMD -MP -MF"Core/Src/functions.d" -MT"Core/Src/functions.o" --specs=nano.specs -mfpu=fpv4-sp-d16 -mfloat-abi=hard -mthumb -o "Core/Src/functions.o"
arm-none-eabi-gcc "../Core/Src/lcd_driver.c" -mcpu=cortex-m4 -std=gnu11 -g3 -DDEBUG -DUSE_HAL_DRIVER -DSTM32L476xx -c -I../Core/Inc -I../Drivers/STM32L4xx_HAL_Driver/Inc -I../Drivers/STM32L4xx_HAL_Driver/Inc/Legacy -I../Drivers/CMSIS/Device/ST/STM32L4xx/Include -I../Drivers/CMSIS/Include -O0 -ffunction-sections -fdata-sections -Wall -fstack-usage -fcyclomatic-complexity -MMD -MP -MF"Core/Src/lcd_driver.d" -MT"Core/Src/lcd_driver.o" --specs=nano.specs -mfpu=fpv4-sp-d16 -mfloat-abi=hard -mthumb -o "Core/Src/lcd_driver.o"
arm-none-eabi-gcc "../Core/Src/main.c" -mcpu=cortex-m4 -std=gnu11 -g3 -DDEBUG -DUSE_HAL_DRIVER -DSTM32L476xx -c -I../Core/Inc -I../Drivers/STM32L4xx_HAL_Driver/Inc -I../Drivers/STM32L4xx_HAL_Driver/Inc/Legacy -I../Drivers/CMSIS/Device/ST/STM32L4xx/Include -I../Drivers/CMSIS/Include -O0 -ffunction-sections -fdata-sections -Wall -fstack-usage -fcyclomatic-complexity -MMD -MP -MF"Core/Src/main.d" -MT"Core/Src/main.o" --specs=nano.specs -mfpu=fpv4-sp-d16 -mfloat-abi=hard -mthumb -o "Core/Src/main.o"
arm-none-eabi-gcc "../Core/Src/stm32l4xx_hal_msp.c" -mcpu=cortex-m4 -std=gnu11 -g3 -DDEBUG -DUSE_HAL_DRIVER -DSTM32L476xx -c -I../Core/Inc -I../Drivers/STM32L4xx_HAL_Driver/Inc -I../Drivers/STM32L4xx_HAL_Driver/Inc/Legacy -I../Drivers/CMSIS/Device/ST/STM32L4xx/Include -I../Drivers/CMSIS/Include -O0 -ffunction-sections -fdata-sections -Wall -fstack-usage -fcyclomatic-complexity -MMD -MP -MF"Core/Src/stm32l4xx_hal_msp.d" -MT"Core/Src/stm32l4xx_hal_msp.o" --specs=nano.specs -mfpu=fpv4-sp-d16 -mfloat-abi=hard -mthumb -o "Core/Src/stm32l4xx_hal_msp.o"
arm-none-eabi-gcc "../Core/Src/stm32l4xx_it.c" -mcpu=cortex-m4 -std=gnu11 -g3 -DDEBUG -DUSE_HAL_DRIVER -DSTM32L476xx -c -I../Core/Inc -I../Drivers/STM32L4xx_HAL_Driver/Inc -I../Drivers/STM32L4xx_HAL_Driver/Inc/Legacy -I../Drivers/CMSIS/Device/ST/STM32L4xx/Include -I../Drivers/CMSIS/Include -O0 -ffunction-sections -fdata-sections -Wall -fstack-usage -fcyclomatic-complexity -MMD -MP -MF"Core/Src/stm32l4xx_it.d" -MT"Core/Src/stm32l4xx_it.o" --specs=nano.specs -mfpu=fpv4-sp-d16 -mfloat-abi=hard -mthumb -o "Core/Src/stm32l4xx_it.o"
../Core/Src/functions.c: In function 'Create_Custom_Characters':
../Core/Src/functions.c:60:14: warning: unused variable 'cc8' [-Wunused-variable]
   60 |         char cc8[8] = {0x04, 0x04, 0x1F, 0x04, 0x04, 0x00, 0x1F, 0x00};  // +-
      |              ^~~
../Core/Src/functions.c:59:14: warning: unused variable 'cc7' [-Wunused-variable]
   59 |         char cc7[8] = {0x0E, 0x10, 0x17, 0x12, 0x12, 0x12, 0x10, 0x0E};  // CT
      |              ^~~
../Core/Src/functions.c:58:14: warning: unused variable 'cc6' [-Wunused-variable]
   58 |         char cc6[8] = {0x00, 0x0E, 0x11, 0x11, 0x11, 0x0A, 0x1B, 0x00};  // omega
      |              ^~~
../Core/Src/functions.c:57:14: warning: unused variable 'cc5' [-Wunused-variable]
   57 |         char cc5[8] = {0x00, 0x00, 0x0A, 0x15, 0x11, 0x0E, 0x04, 0x00};  // Heart
      |              ^~~
../Core/Src/functions.c:56:14: warning: unused variable 'cc4' [-Wunused-variable]
   56 |         char cc4[8] = {0x00, 0x04, 0x0E, 0x0E, 0x0E, 0x1F, 0x04, 0x00};  // bell
      |              ^~~
../Core/Src/functions.c:55:14: warning: unused variable 'cc3' [-Wunused-variable]
   55 |         char cc3[8] = {0x08, 0x0C, 0x0E, 0x0F, 0x0E, 0x0C, 0x08, 0x00};  // arrow
      |              ^~~
../Core/Src/functions.c:54:14: warning: unused variable 'cc2' [-Wunused-variable]
   54 |         char cc2[8] = {0x0E, 0x0E, 0x04, 0x0E, 0x15, 0x04, 0x0A, 0x0A};  // Robo
      |              ^~~
../Core/Src/functions.c:53:14: warning: unused variable 'cc1' [-Wunused-variable]
   53 |         char cc1[8] = {0x00, 0x00, 0x0A, 0x00, 0x11, 0x0E, 0x00, 0x00};  // smiley
      |              ^~~
In file included from ../Core/Inc/main.h:34,
                 from ../Core/Src/functions.c:10:
../Core/Inc/lcd_driver.h: At top level:
../Core/Inc/lcd_driver.h:14:13: warning: 'LCD_WriteNibble' declared 'static' but never defined [-Wunused-function]
   14 | static void LCD_WriteNibble(uint8_t nibble);
      |             ^~~~~~~~~~~~~~~
../Core/Inc/lcd_driver.h:15:13: warning: 'LCD_WriteCommand' declared 'static' but never defined [-Wunused-function]
   15 | static void LCD_WriteCommand(uint8_t command);
      |             ^~~~~~~~~~~~~~~~
../Core/Inc/lcd_driver.h:16:13: warning: 'LCD_WriteData' declared 'static' but never defined [-Wunused-function]
   16 | static void LCD_WriteData(uint8_t data);
      |             ^~~~~~~~~~~~~
../Core/Src/main.c: In function 'main':
../Core/Src/main.c:175:11: warning: implicit declaration of function 'snprintf' [-Wimplicit-function-declaration]
  175 |           snprintf((char*)bluetoothTxBuffer, BUFFER_SIZE, "%lu, %lu, %lu\r\n",
      |           ^~~~~~~~
../Core/Src/main.c:21:1: note: include '<stdio.h>' or provide a declaration of 'snprintf'
   20 | #include "main.h"
  +++ |+#include <stdio.h>
   21 | 
../Core/Src/main.c:175:11: warning: incompatible implicit declaration of built-in function 'snprintf' [-Wbuiltin-declaration-mismatch]
  175 |           snprintf((char*)bluetoothTxBuffer, BUFFER_SIZE, "%lu, %lu, %lu\r\n",
      |           ^~~~~~~~
../Core/Src/main.c:175:11: note: include '<stdio.h>' or provide a declaration of 'snprintf'
../Core/Src/main.c:178:61: warning: implicit declaration of function 'strlen' [-Wimplicit-function-declaration]
  178 |           HAL_UART_Transmit_DMA(&huart5, bluetoothTxBuffer, strlen((char*)bluetoothTxBuffer));
      |                                                             ^~~~~~
../Core/Src/main.c:21:1: note: include '<string.h>' or provide a declaration of 'strlen'
   20 | #include "main.h"
  +++ |+#include <string.h>
   21 | 
../Core/Src/main.c:178:61: warning: incompatible implicit declaration of built-in function 'strlen' [-Wbuiltin-declaration-mismatch]
  178 |           HAL_UART_Transmit_DMA(&huart5, bluetoothTxBuffer, strlen((char*)bluetoothTxBuffer));
      |                                                             ^~~~~~
../Core/Src/main.c:178:61: note: include '<string.h>' or provide a declaration of 'strlen'
In file included from ../Core/Inc/main.h:34,
                 from ../Core/Src/main.c:20:
../Core/Inc/lcd_driver.h: At top level:
../Core/Inc/lcd_driver.h:14:13: warning: 'LCD_WriteNibble' declared 'static' but never defined [-Wunused-function]
   14 | static void LCD_WriteNibble(uint8_t nibble);
      |             ^~~~~~~~~~~~~~~
../Core/Inc/lcd_driver.h:15:13: warning: 'LCD_WriteCommand' declared 'static' but never defined [-Wunused-function]
   15 | static void LCD_WriteCommand(uint8_t command);
      |             ^~~~~~~~~~~~~~~~
../Core/Inc/lcd_driver.h:16:13: warning: 'LCD_WriteData' declared 'static' but never defined [-Wunused-function]
   16 | static void LCD_WriteData(uint8_t data);
      |             ^~~~~~~~~~~~~
In file included from ../Core/Inc/main.h:34,
                 from ../Core/Src/stm32l4xx_hal_msp.c:22:
../Core/Inc/lcd_driver.h:14:13: warning: 'LCD_WriteNibble' declared 'static' but never defined [-Wunused-function]
   14 | static void LCD_WriteNibble(uint8_t nibble);
      |             ^~~~~~~~~~~~~~~
../Core/Inc/lcd_driver.h:15:13: warning: 'LCD_WriteCommand' declared 'static' but never defined [-Wunused-function]
   15 | static void LCD_WriteCommand(uint8_t command);
      |             ^~~~~~~~~~~~~~~~
../Core/Inc/lcd_driver.h:16:13: warning: 'LCD_WriteData' declared 'static' but never defined [-Wunused-function]
   16 | static void LCD_WriteData(uint8_t data);
      |             ^~~~~~~~~~~~~
In file included from ../Core/Inc/main.h:34,
                 from ../Core/Src/stm32l4xx_it.c:21:
../Core/Inc/lcd_driver.h:14:13: warning: 'LCD_WriteNibble' declared 'static' but never defined [-Wunused-function]
   14 | static void LCD_WriteNibble(uint8_t nibble);
      |             ^~~~~~~~~~~~~~~
../Core/Inc/lcd_driver.h:15:13: warning: 'LCD_WriteCommand' declared 'static' but never defined [-Wunused-function]
   15 | static void LCD_WriteCommand(uint8_t command);
      |             ^~~~~~~~~~~~~~~~
../Core/Inc/lcd_driver.h:16:13: warning: 'LCD_WriteData' declared 'static' but never defined [-Wunused-function]
   16 | static void LCD_WriteData(uint8_t data);
      |             ^~~~~~~~~~~~~
arm-none-eabi-gcc -o "Controller.elf" @"objects.list"   -mcpu=cortex-m4 -T"C:\STM32\STM32CubeIDE\Scripts\RC_Car_Controller\Controller\STM32L476RGTX_FLASH.ld" --specs=nosys.specs -Wl,-Map="Controller.map" -Wl,--gc-sections -static --specs=nano.specs -mfpu=fpv4-sp-d16 -mfloat-abi=hard -mthumb -Wl,--start-group -lc -lm -Wl,--end-group
Finished building target: Controller.elf
 
arm-none-eabi-size  Controller.elf 
arm-none-eabi-objdump -h -S Controller.elf  > "Controller.list"
   text	   data	    bss	    dec	    hex	filename
  33592	     92	   2580	  36264	   8da8	Controller.elf
Finished building: default.size.stdout
 
Finished building: Controller.list
 

22:57:31 Build Finished. 0 errors, 24 warnings. (took 1s.14ms)

